------------------------------------------------------------
Timing Analyzer Summary
------------------------------------------------------------

Type  : Slow 1200mV 85C Model Setup 'CLK1'
Slack : -1.654
TNS   : -16.821

Type  : Slow 1200mV 85C Model Setup 'm_chattering:u0|swreg'
Slack : -0.166
TNS   : -0.325

Type  : Slow 1200mV 85C Model Hold 'm_chattering:u0|swreg'
Slack : 0.347
TNS   : 0.000

Type  : Slow 1200mV 85C Model Hold 'CLK1'
Slack : 0.362
TNS   : 0.000

Type  : Slow 1200mV 85C Model Minimum Pulse Width 'CLK1'
Slack : -3.000
TNS   : -25.448

Type  : Slow 1200mV 85C Model Minimum Pulse Width 'm_chattering:u0|swreg'
Slack : -1.403
TNS   : -5.612

Type  : Slow 1200mV 85C Model Minimum Pulse Width 'm_chattering:u0|cnt[15]'
Slack : -1.403
TNS   : -1.403

Type  : Slow 1200mV 0C Model Setup 'CLK1'
Slack : -1.363
TNS   : -13.722

Type  : Slow 1200mV 0C Model Setup 'm_chattering:u0|swreg'
Slack : -0.066
TNS   : -0.126

Type  : Slow 1200mV 0C Model Hold 'm_chattering:u0|swreg'
Slack : 0.311
TNS   : 0.000

Type  : Slow 1200mV 0C Model Hold 'CLK1'
Slack : 0.328
TNS   : 0.000

Type  : Slow 1200mV 0C Model Minimum Pulse Width 'CLK1'
Slack : -3.000
TNS   : -25.448

Type  : Slow 1200mV 0C Model Minimum Pulse Width 'm_chattering:u0|swreg'
Slack : -1.403
TNS   : -5.612

Type  : Slow 1200mV 0C Model Minimum Pulse Width 'm_chattering:u0|cnt[15]'
Slack : -1.403
TNS   : -1.403

Type  : Fast 1200mV 0C Model Setup 'CLK1'
Slack : -0.687
TNS   : -0.687

Type  : Fast 1200mV 0C Model Setup 'm_chattering:u0|swreg'
Slack : 0.499
TNS   : 0.000

Type  : Fast 1200mV 0C Model Hold 'm_chattering:u0|swreg'
Slack : 0.151
TNS   : 0.000

Type  : Fast 1200mV 0C Model Hold 'CLK1'
Slack : 0.156
TNS   : 0.000

Type  : Fast 1200mV 0C Model Minimum Pulse Width 'CLK1'
Slack : -3.000
TNS   : -21.736

Type  : Fast 1200mV 0C Model Minimum Pulse Width 'm_chattering:u0|swreg'
Slack : -1.000
TNS   : -4.000

Type  : Fast 1200mV 0C Model Minimum Pulse Width 'm_chattering:u0|cnt[15]'
Slack : -1.000
TNS   : -1.000

------------------------------------------------------------
